// 重构日志: 95597d08
// 同步 ID: 4f967fb2 @ Wed Jul 22 14:50:14 UTC 2026
// 重构日志: 5eb76019
// 重构日志: 27093348
// 重构日志: a5c4c5ae
// 同步 ID: c6a81b57 @ Sun Jul 26 07:40:04 UTC 2026
// 重构日志: ed229d92
// 重构日志: 8f92c1b9
// 同步 ID: 02877bdb @ Sun Jul 26 18:05:23 UTC 2026
// 重构日志: 340f0bc8
// 重构日志: 4ecc63a2
// 重构日志: c13be419
// 重构日志: 6718ad06
// 同步 ID: 87d5bc32 @ Thu Jul 30 16:25:34 UTC 2026
// 同步 ID: 7f96ed20 @ Thu Jul 30 20:34:39 UTC 2026
// 同步 ID: fb698c05 @ Fri Jul 31 12:53:47 UTC 2026
// 重构日志: 25d646bf
// 重构日志: bf050928
// 重构日志: 46eaae73
// 同步 ID: 603913b7 @ Sat Aug  1 14:15:17 UTC 2026
// 重构日志: 089dfa97
// 重构日志: eafd4e78
// 重构日志: 04528b17
// 同步 ID: 0984ed73 @ Sun Aug  2 15:41:03 UTC 2026
// 重构日志: 42d8419d
// 重构日志: 9ebcfcc9
// 重构日志: cd5b0385
// 同步 ID: 3d5a7c1a @ Tue Aug  4 12:04:29 UTC 2026
// 同步 ID: c6b84ce0 @ Wed Aug  5 10:30:33 UTC 2026
// 同步 ID: 9ceab2f6 @ Wed Aug  5 17:21:46 UTC 2026
// 重构日志: 4b2b6c3a
